1784973184221	6baf7165-6eab-45cc-abf7-ded8f67b71e1	21.3
1784973184279	6baf7165-6eab-45cc-abf7-ded8f67b71e1	22.0
1784973184332	6baf7165-6eab-45cc-abf7-ded8f67b71e1	22.1
1784973184384	6baf7165-6eab-45cc-abf7-ded8f67b71e1	21.0
1784973184439	6baf7165-6eab-45cc-abf7-ded8f67b71e1	24.8
1784973184499	6baf7165-6eab-45cc-abf7-ded8f67b71e1	23.0
1784973184567	6baf7165-6eab-45cc-abf7-ded8f67b71e1	32.5
1784973187612	6baf7165-6eab-45cc-abf7-ded8f67b71e1	17.0
1784973187644	6baf7165-6eab-45cc-abf7-ded8f67b71e1	20.4
1784973187679	6baf7165-6eab-45cc-abf7-ded8f67b71e1	19.9
1784973187712	6baf7165-6eab-45cc-abf7-ded8f67b71e1	20.9
1784973187745	6baf7165-6eab-45cc-abf7-ded8f67b71e1	21.9
1784973187784	6baf7165-6eab-45cc-abf7-ded8f67b71e1	23.1
1784973187822	6baf7165-6eab-45cc-abf7-ded8f67b71e1	24.9
1784973190866	6baf7165-6eab-45cc-abf7-ded8f67b71e1	19.8
1784973190896	6baf7165-6eab-45cc-abf7-ded8f67b71e1	19.5
1784973190944	6baf7165-6eab-45cc-abf7-ded8f67b71e1	20.0
1784973190996	6baf7165-6eab-45cc-abf7-ded8f67b71e1	20.9
1784973191063	6baf7165-6eab-45cc-abf7-ded8f67b71e1	38.0
1784973191096	6baf7165-6eab-45cc-abf7-ded8f67b71e1	23.2
1784973191269	6baf7165-6eab-45cc-abf7-ded8f67b71e1	20.2
1784973194306	6baf7165-6eab-45cc-abf7-ded8f67b71e1	21.3
1784973194355	6baf7165-6eab-45cc-abf7-ded8f67b71e1	20.9
1784973194390	6baf7165-6eab-45cc-abf7-ded8f67b71e1	23.6
1784973194424	6baf7165-6eab-45cc-abf7-ded8f67b71e1	21.3
1784973194463	6baf7165-6eab-45cc-abf7-ded8f67b71e1	27.0
1784973194521	6baf7165-6eab-45cc-abf7-ded8f67b71e1	23.9
1784973194560	6baf7165-6eab-45cc-abf7-ded8f67b71e1	24.9
1784973197627	6baf7165-6eab-45cc-abf7-ded8f67b71e1	18.9
1784973197661	6baf7165-6eab-45cc-abf7-ded8f67b71e1	21.0
1784973197709	6baf7165-6eab-45cc-abf7-ded8f67b71e1	20.3
1784973197736	6baf7165-6eab-45cc-abf7-ded8f67b71e1	18.3
1784973197783	6baf7165-6eab-45cc-abf7-ded8f67b71e1	19.8
1784973197813	6baf7165-6eab-45cc-abf7-ded8f67b71e1	19.1
1784973197881	6baf7165-6eab-45cc-abf7-ded8f67b71e1	22.1
1784973200539	6baf7165-6eab-45cc-abf7-ded8f67b71e1	47.8
1784973200935	6baf7165-6eab-45cc-abf7-ded8f67b71e1	27.7
1784973200996	6baf7165-6eab-45cc-abf7-ded8f67b71e1	27.0
1784973201033	6baf7165-6eab-45cc-abf7-ded8f67b71e1	24.4
1784973201069	6baf7165-6eab-45cc-abf7-ded8f67b71e1	23.1
1784973201108	6baf7165-6eab-45cc-abf7-ded8f67b71e1	28.1
1784973201145	6baf7165-6eab-45cc-abf7-ded8f67b71e1	24.2
1784973201182	6baf7165-6eab-45cc-abf7-ded8f67b71e1	23.8
1784973203307	6baf7165-6eab-45cc-abf7-ded8f67b71e1	53.2
1784973204240	6baf7165-6eab-45cc-abf7-ded8f67b71e1	21.2
1784973204273	6baf7165-6eab-45cc-abf7-ded8f67b71e1	20.6
1784973204331	6baf7165-6eab-45cc-abf7-ded8f67b71e1	26.2
1784973204364	6baf7165-6eab-45cc-abf7-ded8f67b71e1	21.5
1784973204436	6baf7165-6eab-45cc-abf7-ded8f67b71e1	38.4
1784973204489	6baf7165-6eab-45cc-abf7-ded8f67b71e1	20.9
1784973204548	6baf7165-6eab-45cc-abf7-ded8f67b71e1	27.5
1784973205295	6baf7165-6eab-45cc-abf7-ded8f67b71e1	46.7
1784973207292	6baf7165-6eab-45cc-abf7-ded8f67b71e1	51.8
1784973207588	6baf7165-6eab-45cc-abf7-ded8f67b71e1	22.2
1784973207646	6baf7165-6eab-45cc-abf7-ded8f67b71e1	24.3
1784973207683	6baf7165-6eab-45cc-abf7-ded8f67b71e1	24.6
1784973207715	6baf7165-6eab-45cc-abf7-ded8f67b71e1	21.0
1784973207747	6baf7165-6eab-45cc-abf7-ded8f67b71e1	20.3
1784973207783	6baf7165-6eab-45cc-abf7-ded8f67b71e1	24.8
1784973207829	6baf7165-6eab-45cc-abf7-ded8f67b71e1	36.1
1784973209301	6baf7165-6eab-45cc-abf7-ded8f67b71e1	54.1
1784973210892	6baf7165-6eab-45cc-abf7-ded8f67b71e1	18.6
1784973210941	6baf7165-6eab-45cc-abf7-ded8f67b71e1	37.6
1784973210987	6baf7165-6eab-45cc-abf7-ded8f67b71e1	18.2
1784973211016	6baf7165-6eab-45cc-abf7-ded8f67b71e1	19.1
1784973211063	6baf7165-6eab-45cc-abf7-ded8f67b71e1	20.2
1784973211092	6baf7165-6eab-45cc-abf7-ded8f67b71e1	18.3
1784973211143	6baf7165-6eab-45cc-abf7-ded8f67b71e1	22.5
1784973211301	6baf7165-6eab-45cc-abf7-ded8f67b71e1	57.3
1784973213301	6baf7165-6eab-45cc-abf7-ded8f67b71e1	47.6
1784973214190	6baf7165-6eab-45cc-abf7-ded8f67b71e1	21.5
1784973214225	6baf7165-6eab-45cc-abf7-ded8f67b71e1	22.2
1784973214258	6baf7165-6eab-45cc-abf7-ded8f67b71e1	21.0
1784973214290	6baf7165-6eab-45cc-abf7-ded8f67b71e1	20.4
1784973214330	6baf7165-6eab-45cc-abf7-ded8f67b71e1	29.8
1784973214380	6baf7165-6eab-45cc-abf7-ded8f67b71e1	20.9
1784973214413	6baf7165-6eab-45cc-abf7-ded8f67b71e1	21.4
1784973215296	6baf7165-6eab-45cc-abf7-ded8f67b71e1	54.5
1784973217315	6baf7165-6eab-45cc-abf7-ded8f67b71e1	55.9
1784973217555	6baf7165-6eab-45cc-abf7-ded8f67b71e1	22.7
1784973217606	6baf7165-6eab-45cc-abf7-ded8f67b71e1	23.1
1784973217651	6baf7165-6eab-45cc-abf7-ded8f67b71e1	17.7
1784973217685	6baf7165-6eab-45cc-abf7-ded8f67b71e1	23.3
1784973217715	6baf7165-6eab-45cc-abf7-ded8f67b71e1	19.4
1784973217750	6baf7165-6eab-45cc-abf7-ded8f67b71e1	23.6
1784973217805	6baf7165-6eab-45cc-abf7-ded8f67b71e1	22.9
1784973219305	6baf7165-6eab-45cc-abf7-ded8f67b71e1	60.3
1784973220852	6baf7165-6eab-45cc-abf7-ded8f67b71e1	21.7
1784973220889	6baf7165-6eab-45cc-abf7-ded8f67b71e1	24.6
1784973220924	6baf7165-6eab-45cc-abf7-ded8f67b71e1	23.1
1784973220962	6baf7165-6eab-45cc-abf7-ded8f67b71e1	22.9
1784973221013	6baf7165-6eab-45cc-abf7-ded8f67b71e1	21.6
1784973221049	6baf7165-6eab-45cc-abf7-ded8f67b71e1	25.5
1784973221088	6baf7165-6eab-45cc-abf7-ded8f67b71e1	25.7
1784973221319	6baf7165-6eab-45cc-abf7-ded8f67b71e1	56.3
1784973223301	6baf7165-6eab-45cc-abf7-ded8f67b71e1	48.5
1784973224142	6baf7165-6eab-45cc-abf7-ded8f67b71e1	20.2
1784973224193	6baf7165-6eab-45cc-abf7-ded8f67b71e1	19.9
1784973224227	6baf7165-6eab-45cc-abf7-ded8f67b71e1	22.4
1784973224259	6baf7165-6eab-45cc-abf7-ded8f67b71e1	20.8
1784973224294	6baf7165-6eab-45cc-abf7-ded8f67b71e1	23.3
1784973224345	6baf7165-6eab-45cc-abf7-ded8f67b71e1	20.2
1784973224385	6baf7165-6eab-45cc-abf7-ded8f67b71e1	27.2
1784973225317	6baf7165-6eab-45cc-abf7-ded8f67b71e1	63.9
1784973227312	6baf7165-6eab-45cc-abf7-ded8f67b71e1	52.0
1784973227434	6baf7165-6eab-45cc-abf7-ded8f67b71e1	23.3
1784973227467	6baf7165-6eab-45cc-abf7-ded8f67b71e1	20.4
1784973227533	6baf7165-6eab-45cc-abf7-ded8f67b71e1	35.7
1784973227567	6baf7165-6eab-45cc-abf7-ded8f67b71e1	22.4
1784973227624	6baf7165-6eab-45cc-abf7-ded8f67b71e1	23.6
1784973227656	6baf7165-6eab-45cc-abf7-ded8f67b71e1	21.3
1784973227709	6baf7165-6eab-45cc-abf7-ded8f67b71e1	24.3
1784973229309	6baf7165-6eab-45cc-abf7-ded8f67b71e1	57.7
1784973230748	6baf7165-6eab-45cc-abf7-ded8f67b71e1	20.3
1784973230804	6baf7165-6eab-45cc-abf7-ded8f67b71e1	22.7
1784973230835	6baf7165-6eab-45cc-abf7-ded8f67b71e1	19.9
1784973230863	6baf7165-6eab-45cc-abf7-ded8f67b71e1	19.3
1784973230895	6baf7165-6eab-45cc-abf7-ded8f67b71e1	19.6
1784973230928	6baf7165-6eab-45cc-abf7-ded8f67b71e1	21.7
1784973230962	6baf7165-6eab-45cc-abf7-ded8f67b71e1	22.8
1784973231313	6baf7165-6eab-45cc-abf7-ded8f67b71e1	70.5
1784973233304	6baf7165-6eab-45cc-abf7-ded8f67b71e1	48.8
1784973234028	6baf7165-6eab-45cc-abf7-ded8f67b71e1	33.3
1784973234056	6baf7165-6eab-45cc-abf7-ded8f67b71e1	18.2
1784973234105	6baf7165-6eab-45cc-abf7-ded8f67b71e1	19.9
1784973234134	6baf7165-6eab-45cc-abf7-ded8f67b71e1	18.5
1784973234181	6baf7165-6eab-45cc-abf7-ded8f67b71e1	18.9
1784973234234	6baf7165-6eab-45cc-abf7-ded8f67b71e1	24.8
1784973234283	6baf7165-6eab-45cc-abf7-ded8f67b71e1	21.2
1784973235308	6baf7165-6eab-45cc-abf7-ded8f67b71e1	64.9
1784973237314	6baf7165-6eab-45cc-abf7-ded8f67b71e1	62.3
1784973237343	6baf7165-6eab-45cc-abf7-ded8f67b71e1	47.5
1784973237400	6baf7165-6eab-45cc-abf7-ded8f67b71e1	21.6
1784973237446	6baf7165-6eab-45cc-abf7-ded8f67b71e1	33.9
1784973237501	6baf7165-6eab-45cc-abf7-ded8f67b71e1	23.9
1784973237535	6baf7165-6eab-45cc-abf7-ded8f67b71e1	23.1
1784973237567	6baf7165-6eab-45cc-abf7-ded8f67b71e1	19.7
1784973237613	6baf7165-6eab-45cc-abf7-ded8f67b71e1	30.4
1784973239298	6baf7165-6eab-45cc-abf7-ded8f67b71e1	51.6
1784973240661	6baf7165-6eab-45cc-abf7-ded8f67b71e1	20.6
1784973240697	6baf7165-6eab-45cc-abf7-ded8f67b71e1	22.9
1784973240746	6baf7165-6eab-45cc-abf7-ded8f67b71e1	19.2
1784973240775	6baf7165-6eab-45cc-abf7-ded8f67b71e1	17.9
1784973240808	6baf7165-6eab-45cc-abf7-ded8f67b71e1	22.1
1784973240861	6baf7165-6eab-45cc-abf7-ded8f67b71e1	23.1
1784973240910	6baf7165-6eab-45cc-abf7-ded8f67b71e1	20.3
1784973241307	6baf7165-6eab-45cc-abf7-ded8f67b71e1	50.7
1784973243291	6baf7165-6eab-45cc-abf7-ded8f67b71e1	50.1
1784973243965	6baf7165-6eab-45cc-abf7-ded8f67b71e1	21.7
1784973244019	6baf7165-6eab-45cc-abf7-ded8f67b71e1	21.9
1784973244052	6baf7165-6eab-45cc-abf7-ded8f67b71e1	21.0
1784973244103	6baf7165-6eab-45cc-abf7-ded8f67b71e1	20.9
1784973244157	6baf7165-6eab-45cc-abf7-ded8f67b71e1	24.9
1784973244193	6baf7165-6eab-45cc-abf7-ded8f67b71e1	24.0
1784973244232	6baf7165-6eab-45cc-abf7-ded8f67b71e1	24.6
1784973245330	6baf7165-6eab-45cc-abf7-ded8f67b71e1	52.2
1784973247335	6baf7165-6eab-45cc-abf7-ded8f67b71e1	73.6
1784973247372	6baf7165-6eab-45cc-abf7-ded8f67b71e1	111.5
1784973247420	6baf7165-6eab-45cc-abf7-ded8f67b71e1	29.8
1784973247465	6baf7165-6eab-45cc-abf7-ded8f67b71e1	32.9
1784973247502	6baf7165-6eab-45cc-abf7-ded8f67b71e1	24.4
1784973247538	6baf7165-6eab-45cc-abf7-ded8f67b71e1	23.1
1784973247591	6baf7165-6eab-45cc-abf7-ded8f67b71e1	21.2
1784973247645	6baf7165-6eab-45cc-abf7-ded8f67b71e1	21.6
1784973249318	6baf7165-6eab-45cc-abf7-ded8f67b71e1	50.9
1784973250708	6baf7165-6eab-45cc-abf7-ded8f67b71e1	20.8
1784973250760	6baf7165-6eab-45cc-abf7-ded8f67b71e1	21.4
1784973250811	6baf7165-6eab-45cc-abf7-ded8f67b71e1	21.3
1784973250860	6baf7165-6eab-45cc-abf7-ded8f67b71e1	19.7
1784973250890	6baf7165-6eab-45cc-abf7-ded8f67b71e1	19.8
1784973250923	6baf7165-6eab-45cc-abf7-ded8f67b71e1	23.6
1784973250970	6baf7165-6eab-45cc-abf7-ded8f67b71e1	36.1
1784973251306	6baf7165-6eab-45cc-abf7-ded8f67b71e1	51.5
1784973253310	6baf7165-6eab-45cc-abf7-ded8f67b71e1	59.4
1784973254011	6baf7165-6eab-45cc-abf7-ded8f67b71e1	21.9
1784973254042	6baf7165-6eab-45cc-abf7-ded8f67b71e1	19.7
1784973254072	6baf7165-6eab-45cc-abf7-ded8f67b71e1	19.4
1784973254106	6baf7165-6eab-45cc-abf7-ded8f67b71e1	21.9
1784973254138	6baf7165-6eab-45cc-abf7-ded8f67b71e1	21.0
1784973254191	6baf7165-6eab-45cc-abf7-ded8f67b71e1	21.2
1784973254242	6baf7165-6eab-45cc-abf7-ded8f67b71e1	22.7
1784973255307	6baf7165-6eab-45cc-abf7-ded8f67b71e1	53.7
1784973257335	6baf7165-6eab-45cc-abf7-ded8f67b71e1	67.5
1784973257337	6baf7165-6eab-45cc-abf7-ded8f67b71e1	67.9
1784973257426	6baf7165-6eab-45cc-abf7-ded8f67b71e1	25.8
1784973257462	6baf7165-6eab-45cc-abf7-ded8f67b71e1	23.4
1784973257525	6baf7165-6eab-45cc-abf7-ded8f67b71e1	27.5
1784973257560	6baf7165-6eab-45cc-abf7-ded8f67b71e1	23.5
1784973257604	6baf7165-6eab-45cc-abf7-ded8f67b71e1	30.0
1784973257647	6baf7165-6eab-45cc-abf7-ded8f67b71e1	26.9
1784973259324	6baf7165-6eab-45cc-abf7-ded8f67b71e1	78.2
1784973260717	6baf7165-6eab-45cc-abf7-ded8f67b71e1	23.7
1784973260751	6baf7165-6eab-45cc-abf7-ded8f67b71e1	21.3
1784973260800	6baf7165-6eab-45cc-abf7-ded8f67b71e1	20.8
1784973260832	6baf7165-6eab-45cc-abf7-ded8f67b71e1	20.3
1784973260881	6baf7165-6eab-45cc-abf7-ded8f67b71e1	21.4
1784973260929	6baf7165-6eab-45cc-abf7-ded8f67b71e1	19.7
1784973260984	6baf7165-6eab-45cc-abf7-ded8f67b71e1	25.5
1784973261292	6baf7165-6eab-45cc-abf7-ded8f67b71e1	59.4
1784973263324	6baf7165-6eab-45cc-abf7-ded8f67b71e1	51.3
1784973264032	6baf7165-6eab-45cc-abf7-ded8f67b71e1	22.6
1784973264100	6baf7165-6eab-45cc-abf7-ded8f67b71e1	22.7
1784973264132	6baf7165-6eab-45cc-abf7-ded8f67b71e1	21.6
1784973264162	6baf7165-6eab-45cc-abf7-ded8f67b71e1	20.1
1784973264196	6baf7165-6eab-45cc-abf7-ded8f67b71e1	22.0
1784973264232	6baf7165-6eab-45cc-abf7-ded8f67b71e1	23.7
1784973264267	6baf7165-6eab-45cc-abf7-ded8f67b71e1	22.8
1784973265285	6baf7165-6eab-45cc-abf7-ded8f67b71e1	46.9
1784973267310	6baf7165-6eab-45cc-abf7-ded8f67b71e1	63.0
1784973267357	6baf7165-6eab-45cc-abf7-ded8f67b71e1	48.6
1784973267398	6baf7165-6eab-45cc-abf7-ded8f67b71e1	26.8
1784973267432	6baf7165-6eab-45cc-abf7-ded8f67b71e1	21.3
1784973267489	6baf7165-6eab-45cc-abf7-ded8f67b71e1	26.1
1784973267556	6baf7165-6eab-45cc-abf7-ded8f67b71e1	22.3
1784973267591	6baf7165-6eab-45cc-abf7-ded8f67b71e1	22.7
1784973267626	6baf7165-6eab-45cc-abf7-ded8f67b71e1	23.2
1784973269296	6baf7165-6eab-45cc-abf7-ded8f67b71e1	50.4
1784973270661	6baf7165-6eab-45cc-abf7-ded8f67b71e1	20.1
1784973270712	6baf7165-6eab-45cc-abf7-ded8f67b71e1	20.4
1784973270765	6baf7165-6eab-45cc-abf7-ded8f67b71e1	23.0
1784973270796	6baf7165-6eab-45cc-abf7-ded8f67b71e1	20.7
1784973270832	6baf7165-6eab-45cc-abf7-ded8f67b71e1	23.3
1784973270886	6baf7165-6eab-45cc-abf7-ded8f67b71e1	25.0
1784973270922	6baf7165-6eab-45cc-abf7-ded8f67b71e1	24.1
1784973271351	6baf7165-6eab-45cc-abf7-ded8f67b71e1	65.4
1784973273293	6baf7165-6eab-45cc-abf7-ded8f67b71e1	45.2
1784973273991	6baf7165-6eab-45cc-abf7-ded8f67b71e1	30.1
1784973274023	6baf7165-6eab-45cc-abf7-ded8f67b71e1	21.0
1784973274053	6baf7165-6eab-45cc-abf7-ded8f67b71e1	19.7
1784973274101	6baf7165-6eab-45cc-abf7-ded8f67b71e1	21.1
1784973274148	6baf7165-6eab-45cc-abf7-ded8f67b71e1	18.5
1784973274181	6baf7165-6eab-45cc-abf7-ded8f67b71e1	23.0
1784973274218	6baf7165-6eab-45cc-abf7-ded8f67b71e1	24.7
1784973275314	6baf7165-6eab-45cc-abf7-ded8f67b71e1	51.8
1784973277299	6baf7165-6eab-45cc-abf7-ded8f67b71e1	51.3
1784973279288	6baf7165-6eab-45cc-abf7-ded8f67b71e1	45.5
1784973281299	6baf7165-6eab-45cc-abf7-ded8f67b71e1	48.0
1784973283310	6baf7165-6eab-45cc-abf7-ded8f67b71e1	60.0
1784973285348	6baf7165-6eab-45cc-abf7-ded8f67b71e1	53.6
1784973287318	6baf7165-6eab-45cc-abf7-ded8f67b71e1	53.6
1784973289323	6baf7165-6eab-45cc-abf7-ded8f67b71e1	60.6
1784973291306	6baf7165-6eab-45cc-abf7-ded8f67b71e1	55.6
1784973293302	6baf7165-6eab-45cc-abf7-ded8f67b71e1	55.6
1784973295314	6baf7165-6eab-45cc-abf7-ded8f67b71e1	60.5
1784973297295	6baf7165-6eab-45cc-abf7-ded8f67b71e1	55.5
1784973299312	6baf7165-6eab-45cc-abf7-ded8f67b71e1	50.0
1784973301295	6baf7165-6eab-45cc-abf7-ded8f67b71e1	51.0
1784973303304	6baf7165-6eab-45cc-abf7-ded8f67b71e1	54.1
1784973305309	6baf7165-6eab-45cc-abf7-ded8f67b71e1	56.7
